
> bakes-and-delights@1.0.0 build
> next build

  Γû▓ Next.js 14.2.5
  - Environments: .env.local

   Creating an optimized production build ...
npm : <w> [webpack.cache.PackFileCacheStrategy] Skipped not serializable cache item 'Compilation/modules|D:\Cake\node_m
odules\next\dist\build\webpack\loaders\css-loader\src\index.js??ruleSet[1].rules[13].oneOf[12].use[2]!D:\Cake\node_modu
les\next\dist\build\webpack\loaders\postcss-loader\src\index.js??ruleSet[1].rules[13].oneOf[12].use[3]!D:\Cake\styles\g
lobals.css': No serializer registered for PostCSSSyntaxError
At line:1 char:1
+ npm run build > build_output.txt 2>&1
+ ~~~~~~~~~~~~~~~~~~~~~~~~~~~~~~~~~~~~~
    + CategoryInfo          : NotSpecified: (<w> [webpack.ca...tCSSSyntaxError:String) [], RemoteException
    + FullyQualifiedErrorId : NativeCommandError
 
<w> while serializing webpack/lib/cache/PackFileCacheStrategy.PackContentItems -> webpack/lib/NormalModule -> 
webpack/lib/ModuleBuildError -> PostCSSSyntaxError
Failed to compile.

./styles/globals.css:90:3
Syntax error: D:\Cake\styles\globals.css The `hover:bg-brand-primary-hover` class does not exist. If 
`hover:bg-brand-primary-hover` is a custom class, make sure it is defined within a `@layer` directive.

 [90m 88 | [39m[90m/* Button styles */[39m
 [90m 89 | [39m[33m.btn-primary[39m [33m{[39m
[1m[31m>[39m[22m[90m 90 | [39m  [36m@apply[39m inline-flex items-center justify-center gap-2 px-6 py-3 
bg-brand-primary text-white font-bold rounded-2xl transition-all duration-300 hover[33m:[39mbg-brand-primary-hover 
hover[33m:[39mshadow-xl hover[33m:[39mshadow-brand-primary/20 active[33m:[39mscale-95[33m;[39m
 [90m    | [39m  [1m[31m^[39m[22m
 [90m 91 | [39m[33m}[39m
 [90m 92 | [39m

./styles/globals.css
Syntax error: D:\Cake\styles\globals.css The `hover:bg-brand-primary-hover` class does not exist. If 
`hover:bg-brand-primary-hover` is a custom class, make sure it is defined within a `@layer` directive. (90:3)

 [90m 88 | [39m[90m/* Button styles */[39m
 [90m 89 | [39m[33m.btn-primary[39m [33m{[39m
[1m[31m>[39m[22m[90m 90 | [39m  [36m@apply[39m inline-flex items-center justify-center gap-2 px-6 py-3 
bg-brand-primary text-white font-bold rounded-2xl transition-all duration-300 hover[33m:[39mbg-brand-primary-hover 
hover[33m:[39mshadow-xl hover[33m:[39mshadow-brand-primary/20 active[33m:[39mscale-95[33m;[39m
 [90m    | [39m  [1m[31m^[39m[22m
 [90m 91 | [39m[33m}[39m
 [90m 92 | [39m

    at tryRunOrWebpackError (D:\Cake\node_modules\next\dist\compiled\webpack\bundle5.js:28:312989)
    at __webpack_require_module__ (D:\Cake\node_modules\next\dist\compiled\webpack\bundle5.js:28:131165)
    at __nested_webpack_require_153728__ (D:\Cake\node_modules\next\dist\compiled\webpack\bundle5.js:28:130607)
    at D:\Cake\node_modules\next\dist\compiled\webpack\bundle5.js:28:131454
    at symbolIterator (D:\Cake\node_modules\next\dist\compiled\neo-async\async.js:1:14444)
    at done (D:\Cake\node_modules\next\dist\compiled\neo-async\async.js:1:14824)
    at Hook.eval [as callAsync] (eval at create (D:\Cake\node_modules\next\dist\compiled\webpack\bundle5.js:13:28858), 
<anonymous>:15:1)
    at Hook.CALL_ASYNC_DELEGATE [as _callAsync] (D:\Cake\node_modules\next\dist\compiled\webpack\bundle5.js:13:26012)
    at D:\Cake\node_modules\next\dist\compiled\webpack\bundle5.js:28:130328
    at symbolIterator (D:\Cake\node_modules\next\dist\compiled\neo-async\async.js:1:14402)
-- inner error --
Syntax error: D:\Cake\styles\globals.css The `hover:bg-brand-primary-hover` class does not exist. If 
`hover:bg-brand-primary-hover` is a custom class, make sure it is defined within a `@layer` directive. (90:3)

 [90m 88 | [39m[90m/* Button styles */[39m
 [90m 89 | [39m[33m.btn-primary[39m [33m{[39m
[1m[31m>[39m[22m[90m 90 | [39m  [36m@apply[39m inline-flex items-center justify-center gap-2 px-6 py-3 
bg-brand-primary text-white font-bold rounded-2xl transition-all duration-300 hover[33m:[39mbg-brand-primary-hover 
hover[33m:[39mshadow-xl hover[33m:[39mshadow-brand-primary/20 active[33m:[39mscale-95[33m;[39m
 [90m    | [39m  [1m[31m^[39m[22m
 [90m 91 | [39m[33m}[39m
 [90m 92 | [39m

    at Object.<anonymous> (D:\Cake\node_modules\next\dist\build\webpack\loaders\css-loader\src\index.js??ruleSet[1].rul
es[13].oneOf[12].use[2]!D:\Cake\node_modules\next\dist\build\webpack\loaders\postcss-loader\src\index.js??ruleSet[1].ru
les[13].oneOf[12].use[3]!D:\Cake\styles\globals.css:1:7)
    at D:\Cake\node_modules\next\dist\compiled\webpack\bundle5.js:28:922493
    at Hook.eval [as call] (eval at create (D:\Cake\node_modules\next\dist\compiled\webpack\bundle5.js:13:28636), 
<anonymous>:7:1)
    at Hook.CALL_DELEGATE [as _call] (D:\Cake\node_modules\next\dist\compiled\webpack\bundle5.js:13:25906)
    at D:\Cake\node_modules\next\dist\compiled\webpack\bundle5.js:28:131198
    at tryRunOrWebpackError (D:\Cake\node_modules\next\dist\compiled\webpack\bundle5.js:28:312943)
    at __webpack_require_module__ (D:\Cake\node_modules\next\dist\compiled\webpack\bundle5.js:28:131165)
    at __nested_webpack_require_153728__ (D:\Cake\node_modules\next\dist\compiled\webpack\bundle5.js:28:130607)
    at D:\Cake\node_modules\next\dist\compiled\webpack\bundle5.js:28:131454
    at symbolIterator (D:\Cake\node_modules\next\dist\compiled\neo-async\async.js:1:14444)

Generated code for D:\Cake\node_modules\next\dist\build\webpack\loaders\css-loader\src\index.js??ruleSet[1].rules[13].o
neOf[12].use[2]!D:\Cake\node_modules\next\dist\build\webpack\loaders\postcss-loader\src\index.js??ruleSet[1].rules[13].
oneOf[12].use[3]!D:\Cake\styles\globals.css

Import trace for requested module:
./styles/globals.css


> Build failed because of webpack errors
